// Jest Snapshot v1, https://goo.gl/fbAQLP

exports[`ShoppingList 1`] = `
<div>
  <section>
    <header
      aria-label="ui:section.shoppingList.title"
      class="font-bold mb-2"
    >
      ui:section.shoppingList.title
    </header>
    <div
      class="space-y-2"
    >
      <dl
        class="divide-y-2 divide-dashed text-sm"
      >
        <div
          class="grid grid-cols-4 py-1"
        >
          <dt
            aria-label="game:material.ceramic"
            class="font-normal col-span-3"
            id="shoppinglist-ceramic"
          >
            game:material.ceramic
          </dt>
          <dd
            aria-labelledby="shoppinglist-ceramic"
            class="font-mono text-right"
          >
            1
          </dd>
        </div>
      </dl>
    </div>
  </section>
</div>
`;
