// Jest Snapshot v1, https://goo.gl/fbAQLP

exports[`Infobar works by default 1`] = `
<div>
  <div
    class="flex w-full border-b-2 px-4 py-1 items-center relative"
  >
    <div
      class="space-x-1 w-full flex items-center"
    >
      <ul
        aria-label="ui:toolbar.canvas.label"
        class="flex items-stretch space-x-1"
        id="canvas-toolbar"
        role="menu"
      >
        <li
          role="menuitem"
        >
          <button
            aria-disabled="true"
            aria-label="ui:button.power.label"
            aria-pressed="true"
            class="button button--with-icon"
            disabled=""
            type="button"
          >
            <span
              aria-hidden="true"
              class="__icon-wrapper"
            >
              <span
                class="icon icon--uiflex items-center justify-center"
                style="width: 20px; height: 20px;"
              >
                <span
                  class="material-icons material-icons-outlined"
                  style="font-size: 20px;"
                >
                  bolt
                </span>
              </span>
            </span>
            ui:button.power.body
          </button>
        </li>
        <li
          class="relative border-r-2 border-dashed"
          role="separator"
        />
        <li
          role="menuitem"
        >
          <button
            aria-label="ui:button.import.label"
            class="button button--with-icon"
            type="button"
          >
            <span
              aria-hidden="true"
              class="__icon-wrapper"
            >
              <span
                class="icon icon--uiflex items-center justify-center"
                style="width: 20px; height: 20px;"
              >
                <span
                  class="material-icons material-icons-outlined"
                  style="font-size: 20px;"
                >
                  file_upload
                </span>
              </span>
            </span>
            ui:button.import.body
          </button>
        </li>
        <li
          role="menuitem"
        >
          <button
            aria-label="ui:button.export.label"
            class="button button--with-icon"
            type="button"
          >
            <span
              aria-hidden="true"
              class="__icon-wrapper"
            >
              <span
                class="icon icon--uiflex items-center justify-center"
                style="width: 20px; height: 20px;"
              >
                <span
                  class="material-icons material-icons-outlined"
                  style="font-size: 20px;"
                >
                  file_download
                </span>
              </span>
            </span>
            ui:button.export.body
          </button>
        </li>
      </ul>
    </div>
    <div
      class="flex-grow"
    />
    <div
      class="flex space-x-4"
    >
      <span
        class="font-bold"
      >
        Efficiency
      </span>
      <div
        class="flex space-x-2 text-yellow-500"
      >
        <div>
          game:powerType.wind
        </div>
        <div
          class="whitespace-nowrap"
        >
          0.50
        </div>
      </div>
      <div
        class="flex space-x-2 text-green-500"
      >
        <div>
          game:powerType.sun
        </div>
        <div
          class="whitespace-nowrap"
        >
          1.75
        </div>
      </div>
    </div>
  </div>
</div>
`;
