// Jest Snapshot v1, https://goo.gl/fbAQLP

exports[`DefinitionList works 1`] = `
<div>
  <dl
    class="definition-list"
  >
    <dt
      class="definition-list__key"
      id="foo-one"
    >
      One
    </dt>
    <dd
      aria-labelledby="foo-one"
      class="definition-list__value"
    >
      1
    </dd>
    <dt
      class="definition-list__key"
      id="foo-two"
    >
      Two
    </dt>
    <dd
      aria-labelledby="foo-two"
      class="definition-list__value"
    >
      2
    </dd>
  </dl>
</div>
`;
