// Jest Snapshot v1, https://goo.gl/fbAQLP

exports[`should show an error if attempting to mount without having a selected entity 1`] = `
<div>
  <aside
    class="absolute top-2 right-2 bg-white shadow-md border-2 rounded-md z-10 text-xs w-96"
  >
    <header>
      Something is wrong
    </header>
    <div>
      You shouldn't be seeing this, as the entity editor should only be shown when having selected an entity.
    </div>
  </aside>
</div>
`;

exports[`should show the editor with the current selected 1`] = `
<div>
  <aside
    class="absolute top-2 right-2 bg-white shadow-md border-2 rounded-md z-10 text-xs w-96"
  >
    <header
      class="relative px-4 py-2 text-base font-bold"
    >
      game:module.shelter
      <div
        class="toggle--wrap"
      >
        <div
          class="toggle toggle--root absolute flex items-center -inset-y-0 right-4 text-sm group"
        >
          <button
            aria-checked="false"
            class="
        toggle__switch
        bg-gray-200
      "
            id="headlessui-switch-1"
            role="switch"
            tabindex="0"
          >
            <span
              class="sr-only"
            >
              common:enable
            </span>
            <span
              class="toggle__tick"
            />
          </button>
          <span
            class="toggle__label"
          >
            common:enable
          </span>
        </div>
      </div>
    </header>
    <div
      class="px-4 py-2"
    >
      <dl
        class="gap-2"
        style="display: grid; grid-template-columns: 1fr 4fr;"
      >
        <dt
          id="entity-id"
        >
          ID
        </dt>
        <dd
          aria-labelledby="entity-id"
          class="font-mono"
        >
          262ec14e-940b-41b3-8c4a-6958afff5332
        </dd>
        <dt
          id="entity-position"
        >
          Position
        </dt>
        <dd
          aria-labelledby="entity-position"
          class="font-mono"
        >
          (x=
          2
          , y=
          2
          )
        </dd>
        <dt
          id="entity-size"
        >
          Size
        </dt>
        <dd
          aria-labelledby="entity-size"
          class="font-mono"
        >
          (w=
          8
          , h=
          8
          )
        </dd>
        <dt
          id="entity-module"
        >
          Module
        </dt>
        <dd
          aria-labelledby="entity-module"
        >
          <dl
            style="display: grid; grid-template-columns: 1.4fr 4fr;"
          >
            <dt
              id="module-id"
            >
              Module ID
            </dt>
            <dd
              aria-labelledby="module-id"
              class="font-mono"
            >
              shelter
            </dd>
            <dt
              id="module-power"
            >
              Power
            </dt>
            <dd
              aria-labelledby="module-power"
              class="font-mono"
            >
              1
               U/s
            </dd>
            <dt
              id="module-type"
            >
              Type
            </dt>
            <dd
              aria-labelledby="module-type"
              class="font-mono"
            >
              always
            </dd>
            <dt
              id="module-tier"
            >
              Tier
            </dt>
            <dd
              aria-labelledby="module-tier"
              class="font-mono"
            >
              4
            </dd>
          </dl>
        </dd>
      </dl>
    </div>
    <div
      class="px-4 py-2"
    >
      <button
        aria-label="Delete"
        class="button button--with-icon"
        type="button"
      >
        <span
          aria-hidden="true"
          class="__icon-wrapper"
        >
          <span
            class="icon icon--uiflex items-center justify-center"
            style="width: 20px; height: 20px;"
          >
            <span
              class="material-icons material-icons-outlined"
              style="font-size: 20px;"
            >
              delete
            </span>
          </span>
        </span>
        Delete
      </button>
    </div>
    <div
      class="px-4 py-2"
    >
      <fieldset>
        <legend>
          <div
            class="toggle--wrap"
          >
            <div
              class="toggle toggle--root group"
            >
              <button
                aria-checked="false"
                class="
        toggle__switch
        bg-gray-200
      "
                id="headlessui-switch-2"
                role="switch"
                tabindex="0"
              >
                <span
                  class="sr-only"
                >
                  Show debug
                </span>
                <span
                  class="toggle__tick"
                />
              </button>
              <span
                class="toggle__label"
              >
                Show debug
              </span>
            </div>
          </div>
        </legend>
      </fieldset>
    </div>
  </aside>
</div>
`;
